Failed loading /opt/php-7.1/lib/php/extensions/debug-non-zts-20160303/xdebug.so:  /opt/php-7.1/lib/php/extensions/debug-non-zts-20160303/xdebug.so: cannot open shared object file: No such file or directory
*** Testing floor() :  error conditions ***

-- Too many arguments --

Warning: floor() expects exactly 1 parameter, 2 given in /root/php-src/ext/standard/tests/math/floor_error.php on line 12
NULL

-- Too few arguments --

Warning: floor() expects exactly 1 parameter, 0 given in /root/php-src/ext/standard/tests/math/floor_error.php on line 15
NULL
===Done===