Failed loading /opt/php-7.1/lib/php/extensions/debug-non-zts-20160303/xdebug.so:  /opt/php-7.1/lib/php/extensions/debug-non-zts-20160303/xdebug.so: cannot open shared object file: No such file or directory
sinh .5  = float(0.52109530549375)
Pass
sinh -0.5  = float(-0.52109530549375)
Pass
sinh 3  = float(10.01787492741)
Pass
sinh -3  = float(-10.01787492741)
Pass