Failed loading /opt/php-7.1/lib/php/extensions/debug-non-zts-20160303/xdebug.so:  /opt/php-7.1/lib/php/extensions/debug-non-zts-20160303/xdebug.so: cannot open shared object file: No such file or directory

Warning: unserialize(): Numerical result out of range in /root/php-src/ext/standard/tests/serialize/bug68044.php on line 2

Warning: Insufficient data for unserializing - 9223372036854775807 required, 1 present in /root/php-src/ext/standard/tests/serialize/bug68044.php on line 2

Notice: unserialize(): Error at offset 32 of 33 bytes in /root/php-src/ext/standard/tests/serialize/bug68044.php on line 2
===DONE==