Failed loading /opt/php-7.1/lib/php/extensions/debug-non-zts-20160303/xdebug.so:  /opt/php-7.1/lib/php/extensions/debug-non-zts-20160303/xdebug.so: cannot open shared object file: No such file or directory

Notice: Undefined property: Exception::$file in /root/php-src/ext/standard/tests/serialize/bug69793.php on line 4

Notice: Undefined property: Exception::$previous in /root/php-src/ext/standard/tests/serialize/bug69793.php on line 4

Notice: Undefined property: Exception::$previous in /root/php-src/ext/standard/tests/serialize/bug69793.php on line 4
string(41) "Exception in :1337
Stack trace:
#0 {main}"