Failed loading /opt/php-7.1/lib/php/extensions/debug-non-zts-20160303/xdebug.so:  /opt/php-7.1/lib/php/extensions/debug-non-zts-20160303/xdebug.so: cannot open shared object file: No such file or directory
object(DateTime)#1 (3) {
  ["date"]=>
  string(26) "2005-07-14 22:30:41.000000"
  ["timezone_type"]=>
  int(3)
  ["timezone"]=>
  string(13) "Europe/London"
}
object(DateTime)#1 (3) {
  ["date"]=>
  string(26) "2005-07-14 22:30:41.123456"
  ["timezone_type"]=>
  int(3)
  ["timezone"]=>
  string(13) "Europe/London"
}