Failed loading /opt/php-7.1/lib/php/extensions/debug-non-zts-20160303/xdebug.so:  /opt/php-7.1/lib/php/extensions/debug-non-zts-20160303/xdebug.so: cannot open shared object file: No such file or directory

---> 1. Return a variable by reference -> No warning:
int(1)

---> 2. Return a value by reference -> Warning:

Notice: Only variable references should be returned by reference in /root/php-src/tests/lang/returnByReference.009.php on line 18
int(1)