Failed loading /opt/php-7.1/lib/php/extensions/debug-non-zts-20160303/xdebug.so:  /opt/php-7.1/lib/php/extensions/debug-non-zts-20160303/xdebug.so: cannot open shared object file: No such file or directory

Notice: Undefined variable: x in /root/php-src/ext/simplexml/tests/SimpleXMLElement_xpath_4.php on line 2

Warning: simplexml_load_string(): Invalid options in /root/php-src/ext/simplexml/tests/SimpleXMLElement_xpath_4.php on line 2
bool(false)