Failed loading /opt/php-7.1/lib/php/extensions/debug-non-zts-20160303/xdebug.so:  /opt/php-7.1/lib/php/extensions/debug-non-zts-20160303/xdebug.so: cannot open shared object file: No such file or directory

Warning: socket_sendto(): Length cannot be negative in /root/php-src/ext/sockets/tests/socket_sendto_params.php on line 4