<code><span style="color: #000000">
<span style="color: #0000BB">&lt;?php&nbsp;</span><span style="color: #007700">function&nbsp;</span><span style="color: #0000BB">hio</span><span style="color: #007700">(){}</span>
</span>
</code>
Warning: PHP Startup: Unable to load dynamic library '/opt/php-7.1/lib/php/extensions/debug-non-zts-20160303/php_mysqli.so' - /opt/php-7.1/lib/php/extensions/debug-non-zts-20160303/php_mysqli.so: cannot open shared object file: No such file or directory in Unknown on line 0

Warning: PHP Startup: Unable to load dynamic library '/opt/php-7.1/lib/php/extensions/debug-non-zts-20160303/gd.so' - /opt/php-7.1/lib/php/extensions/debug-non-zts-20160303/gd.so: cannot open shared object file: No such file or directory in Unknown on line 0