Failed loading /opt/php-7.1/lib/php/extensions/debug-non-zts-20160303/xdebug.so:  /opt/php-7.1/lib/php/extensions/debug-non-zts-20160303/xdebug.so: cannot open shared object file: No such file or directory
bool(false)
int(2130706433)
bool(false)
int(0)
bool(false)
int(3232235520)
bool(false)
bool(false)
===DONE===