Failed loading /opt/php-7.1/lib/php/extensions/debug-non-zts-20160303/xdebug.so:  /opt/php-7.1/lib/php/extensions/debug-non-zts-20160303/xdebug.so: cannot open shared object file: No such file or directory
*** Testing the process isolations between a process and its forks ***
son (0)
grandson (0)
son is father of 15827
father is 15826
father (15826) doesn't know its grandsons