Failed loading /opt/php-7.1/lib/php/extensions/debug-non-zts-20160303/xdebug.so:  /opt/php-7.1/lib/php/extensions/debug-non-zts-20160303/xdebug.so: cannot open shared object file: No such file or directory

Warning: exec(): NULL byte detected. Possible attack in /root/php-src/ext/standard/tests/misc/exec_basic1.php on line 3
bool(false)
NULL

Warning: system(): NULL byte detected. Possible attack in /root/php-src/ext/standard/tests/misc/exec_basic1.php on line 5
bool(false)

Warning: passthru(): NULL byte detected. Possible attack in /root/php-src/ext/standard/tests/misc/exec_basic1.php on line 6
bool(false)