Failed loading /opt/php-7.1/lib/php/extensions/debug-non-zts-20160303/xdebug.so:  /opt/php-7.1/lib/php/extensions/debug-non-zts-20160303/xdebug.so: cannot open shared object file: No such file or directory
string(6) "1 => 1"
string(6) "3 => 3"
string(6) "5 => 5"
string(6) "7 => 7"
string(6) "a => ?"