Failed loading /opt/php-7.1/lib/php/extensions/debug-non-zts-20160303/xdebug.so:  /opt/php-7.1/lib/php/extensions/debug-non-zts-20160303/xdebug.so: cannot open shared object file: No such file or directory
*** Testing class_uses() : basic ***
array(1) {
  ["foo"]=>
  string(3) "foo"
}
array(1) {
  ["foo"]=>
  string(3) "foo"
}
===DONE===