Failed loading /opt/php-7.1/lib/php/extensions/debug-non-zts-20160303/xdebug.so:  /opt/php-7.1/lib/php/extensions/debug-non-zts-20160303/xdebug.so: cannot open shared object file: No such file or directory

Warning: SplDoublyLinkedList::add() expects exactly 2 parameters, 1 given in /root/php-src/ext/spl/tests/SplDoublyLinkedList_add_missing_parameter2.php on line 3
NULL