Failed loading /opt/php-7.1/lib/php/extensions/debug-non-zts-20160303/xdebug.so:  /opt/php-7.1/lib/php/extensions/debug-non-zts-20160303/xdebug.so: cannot open shared object file: No such file or directory
bool(true)
string(51) "a:3:{i:-3;s:3:"foo";i:3;s:3:"bar";s:3:"var";i:123;}"
Done