Failed loading /opt/php-7.1/lib/php/extensions/debug-non-zts-20160303/xdebug.so:  /opt/php-7.1/lib/php/extensions/debug-non-zts-20160303/xdebug.so: cannot open shared object file: No such file or directory
*** Testing session_start() : variation ***
string(0) ""
bool(true)
string(32) "f22a8bf1376f7d6ec9b15ce15bb2b12b"
bool(true)
string(0) ""
Done