Failed loading /opt/php-7.1/lib/php/extensions/debug-non-zts-20160303/xdebug.so:  /opt/php-7.1/lib/php/extensions/debug-non-zts-20160303/xdebug.so: cannot open shared object file: No such file or directory
Creating Table
bool(true)
INSERT into table
bool(true)
bool(true)
Checking select statement
bool(true)
Checking update statement
bool(false)
Checking delete statement
bool(false)
Closing database
bool(true)
Done