Failed loading /opt/php-7.1/lib/php/extensions/debug-non-zts-20160303/xdebug.so:  /opt/php-7.1/lib/php/extensions/debug-non-zts-20160303/xdebug.so: cannot open shared object file: No such file or directory
bool(true)

Deprecated: Non-static method foo::bar() should not be called statically in /root/php-src/ext/standard/tests/general_functions/bug47857.php on line 8
ok
bool(false)

Fatal error: Uncaught Error: Non-static method Exception::getMessage() cannot be called statically in /root/php-src/ext/standard/tests/general_functions/bug47857.php:10
Stack trace:
#0 {main}
  thrown in /root/php-src/ext/standard/tests/general_functions/bug47857.php on line 10