Failed loading /opt/php-7.1/lib/php/extensions/debug-non-zts-20160303/xdebug.so:  /opt/php-7.1/lib/php/extensions/debug-non-zts-20160303/xdebug.so: cannot open shared object file: No such file or directory
parent|who
B
C|parent::who
B
B|parent::who
A
E|parent::who
D
A|who
A
C|who
B
B|who2
A
===FOREIGN===
parent|who
O
P|parent::who
O
$this|O::who
O
$this|B::who

Warning: call_user_func() expects parameter 1 to be a valid callback, class 'P' is not a subclass of 'B' in /root/php-src/ext/standard/tests/general_functions/callbacks_001.php on line 63
===DONE===