Failed loading /opt/php-7.1/lib/php/extensions/debug-non-zts-20160303/xdebug.so:  /opt/php-7.1/lib/php/extensions/debug-non-zts-20160303/xdebug.so: cannot open shared object file: No such file or directory
*** Testing array_count_values() : parameter variations ***
array(3) {
  ["bobv"]=>
  int(1)
  ["val"]=>
  int(1)
  ["val6"]=>
  int(1)
}

Done