Failed loading /opt/php-7.1/lib/php/extensions/debug-non-zts-20160303/xdebug.so:  /opt/php-7.1/lib/php/extensions/debug-non-zts-20160303/xdebug.so: cannot open shared object file: No such file or directory
*** Testing method_exists() : usage variations ***
Error: 8 - Undefined variable: undefined_var, /root/php-src/ext/standard/tests/class_object/method_exists_variation_001.php(68)
Error: 8 - Undefined variable: unset_var, /root/php-src/ext/standard/tests/class_object/method_exists_variation_001.php(71)

Arg value 0 
bool(false)

Arg value 1 
bool(false)

Arg value 12345 
bool(false)

Arg value -2345 
bool(false)

Arg value 10.5 
bool(false)

Arg value -10.5 
bool(false)

Arg value 101234567000 
bool(false)

Arg value 1.07654321E-9 
bool(false)

Arg value 0.5 
bool(false)
Error: 8 - Array to string conversion, /root/php-src/ext/standard/tests/class_object/method_exists_variation_001.php(77)

Arg value Array 
bool(false)
Error: 8 - Array to string conversion, /root/php-src/ext/standard/tests/class_object/method_exists_variation_001.php(77)

Arg value Array 
bool(false)
Error: 8 - Array to string conversion, /root/php-src/ext/standard/tests/class_object/method_exists_variation_001.php(77)

Arg value Array 
bool(false)
Error: 8 - Array to string conversion, /root/php-src/ext/standard/tests/class_object/method_exists_variation_001.php(77)

Arg value Array 
bool(false)
Error: 8 - Array to string conversion, /root/php-src/ext/standard/tests/class_object/method_exists_variation_001.php(77)

Arg value Array 
bool(false)

Arg value  
bool(false)

Arg value  
bool(false)

Arg value 1 
bool(false)

Arg value  
bool(false)

Arg value 1 
bool(false)

Arg value  
bool(false)

Arg value  
bool(false)

Arg value  
bool(false)

Arg value string 
In __autoload(string)
bool(false)

Arg value String 
In __autoload(String)
bool(false)

Arg value  
bool(false)

Arg value  
bool(false)
Done