Failed loading /opt/php-7.1/lib/php/extensions/debug-non-zts-20160303/xdebug.so:  /opt/php-7.1/lib/php/extensions/debug-non-zts-20160303/xdebug.so: cannot open shared object file: No such file or directory
object(bar)#1 (6) {
  ["c1"]=>
  int(1)
  ["c2"]=>
  int(2)
  ["c3"]=>
  int(1)
  ["c4"]=>
  int(2)
  ["c5"]=>
  int(1)
  ["c6"]=>
  int(1)
}