Failed loading /opt/php-7.1/lib/php/extensions/debug-non-zts-20160303/xdebug.so:  /opt/php-7.1/lib/php/extensions/debug-non-zts-20160303/xdebug.so: cannot open shared object file: No such file or directory

Warning: Declaration of Smooth1::insert(array $data) should be compatible with Noisy1::insert(array $data, $option1 = NULL) in /root/php-src/Zend/tests/bug64988.php on line 20
okey