Failed loading /opt/php-7.1/lib/php/extensions/debug-non-zts-20160303/xdebug.so:  /opt/php-7.1/lib/php/extensions/debug-non-zts-20160303/xdebug.so: cannot open shared object file: No such file or directory
int(1)
int(3)
int(1)
int(4)
int(1)

Notice: Undefined offset: 3 in /root/php-src/Zend/tests/constant_expressions_arrays.php on line 22
array(3) {
  [0]=>
  int(1)
  [1]=>
  int(2)
  [2]=>
  array(2) {
    [0]=>
    int(3)
    [1]=>
    array(1) {
      [0]=>
      int(4)
    }
  }
}
int(1)
array(2) {
  [0]=>
  int(3)
  [1]=>
  array(1) {
    [0]=>
    int(4)
  }
}
array(1) {
  [0]=>
  int(4)
}
NULL