Failed loading /opt/php-7.1/lib/php/extensions/debug-non-zts-20160303/xdebug.so:  /opt/php-7.1/lib/php/extensions/debug-non-zts-20160303/xdebug.so: cannot open shared object file: No such file or directory

Warning: Cannot call extract() dynamically in /root/php-src/Zend/tests/dynamic_call_005.php on line 6
int(1)

Warning: Cannot call extract() dynamically in /root/php-src/Zend/tests/dynamic_call_005.php on line 9
int(1)

Warning: Cannot call extract() dynamically in /root/php-src/Zend/tests/dynamic_call_005.php on line 12
int(1)