Failed loading /opt/php-7.1/lib/php/extensions/debug-non-zts-20160303/xdebug.so:  /opt/php-7.1/lib/php/extensions/debug-non-zts-20160303/xdebug.so: cannot open shared object file: No such file or directory

Fatal error: Uncaught Error: Cannot call overloaded function for non-object in /root/php-src/Zend/tests/overloaded_func_001.php:2
Stack trace:
#0 {main}
  thrown in /root/php-src/Zend/tests/overloaded_func_001.php on line 2