Failed loading /opt/php-7.1/lib/php/extensions/debug-non-zts-20160303/xdebug.so:  /opt/php-7.1/lib/php/extensions/debug-non-zts-20160303/xdebug.so: cannot open shared object file: No such file or directory
*** Testing fpassthru() : usage variations ***

Arg value 0 

Warning: fpassthru() expects parameter 1 to be resource, integer given in /root/php-src/ext/standard/tests/file/fpassthru_variation1.php on line 76
bool(false)

Arg value 1 

Warning: fpassthru() expects parameter 1 to be resource, integer given in /root/php-src/ext/standard/tests/file/fpassthru_variation1.php on line 76
bool(false)

Arg value 12345 

Warning: fpassthru() expects parameter 1 to be resource, integer given in /root/php-src/ext/standard/tests/file/fpassthru_variation1.php on line 76
bool(false)

Arg value -2345 

Warning: fpassthru() expects parameter 1 to be resource, integer given in /root/php-src/ext/standard/tests/file/fpassthru_variation1.php on line 76
bool(false)

Arg value 10.5 

Warning: fpassthru() expects parameter 1 to be resource, float given in /root/php-src/ext/standard/tests/file/fpassthru_variation1.php on line 76
bool(false)

Arg value -10.5 

Warning: fpassthru() expects parameter 1 to be resource, float given in /root/php-src/ext/standard/tests/file/fpassthru_variation1.php on line 76
bool(false)

Arg value 101234567000 

Warning: fpassthru() expects parameter 1 to be resource, float given in /root/php-src/ext/standard/tests/file/fpassthru_variation1.php on line 76
bool(false)

Arg value 1.07654321E-9 

Warning: fpassthru() expects parameter 1 to be resource, float given in /root/php-src/ext/standard/tests/file/fpassthru_variation1.php on line 76
bool(false)

Arg value 0.5 

Warning: fpassthru() expects parameter 1 to be resource, float given in /root/php-src/ext/standard/tests/file/fpassthru_variation1.php on line 76
bool(false)

Arg value Array 

Warning: fpassthru() expects parameter 1 to be resource, array given in /root/php-src/ext/standard/tests/file/fpassthru_variation1.php on line 76
bool(false)

Arg value Array 

Warning: fpassthru() expects parameter 1 to be resource, array given in /root/php-src/ext/standard/tests/file/fpassthru_variation1.php on line 76
bool(false)

Arg value Array 

Warning: fpassthru() expects parameter 1 to be resource, array given in /root/php-src/ext/standard/tests/file/fpassthru_variation1.php on line 76
bool(false)

Arg value Array 

Warning: fpassthru() expects parameter 1 to be resource, array given in /root/php-src/ext/standard/tests/file/fpassthru_variation1.php on line 76
bool(false)

Arg value Array 

Warning: fpassthru() expects parameter 1 to be resource, array given in /root/php-src/ext/standard/tests/file/fpassthru_variation1.php on line 76
bool(false)

Arg value  

Warning: fpassthru() expects parameter 1 to be resource, null given in /root/php-src/ext/standard/tests/file/fpassthru_variation1.php on line 76
bool(false)

Arg value  

Warning: fpassthru() expects parameter 1 to be resource, null given in /root/php-src/ext/standard/tests/file/fpassthru_variation1.php on line 76
bool(false)

Arg value 1 

Warning: fpassthru() expects parameter 1 to be resource, boolean given in /root/php-src/ext/standard/tests/file/fpassthru_variation1.php on line 76
bool(false)

Arg value  

Warning: fpassthru() expects parameter 1 to be resource, boolean given in /root/php-src/ext/standard/tests/file/fpassthru_variation1.php on line 76
bool(false)

Arg value 1 

Warning: fpassthru() expects parameter 1 to be resource, boolean given in /root/php-src/ext/standard/tests/file/fpassthru_variation1.php on line 76
bool(false)

Arg value  

Warning: fpassthru() expects parameter 1 to be resource, boolean given in /root/php-src/ext/standard/tests/file/fpassthru_variation1.php on line 76
bool(false)

Arg value  

Warning: fpassthru() expects parameter 1 to be resource, string given in /root/php-src/ext/standard/tests/file/fpassthru_variation1.php on line 76
bool(false)

Arg value  

Warning: fpassthru() expects parameter 1 to be resource, string given in /root/php-src/ext/standard/tests/file/fpassthru_variation1.php on line 76
bool(false)

Arg value string 

Warning: fpassthru() expects parameter 1 to be resource, string given in /root/php-src/ext/standard/tests/file/fpassthru_variation1.php on line 76
bool(false)

Arg value string 

Warning: fpassthru() expects parameter 1 to be resource, string given in /root/php-src/ext/standard/tests/file/fpassthru_variation1.php on line 76
bool(false)

Arg value testClass 

Warning: fpassthru() expects parameter 1 to be resource, object given in /root/php-src/ext/standard/tests/file/fpassthru_variation1.php on line 76
bool(false)

Arg value  

Warning: fpassthru() expects parameter 1 to be resource, null given in /root/php-src/ext/standard/tests/file/fpassthru_variation1.php on line 76
bool(false)

Arg value  

Warning: fpassthru() expects parameter 1 to be resource, null given in /root/php-src/ext/standard/tests/file/fpassthru_variation1.php on line 76
bool(false)
Done