Failed loading /opt/php-7.1/lib/php/extensions/debug-non-zts-20160303/xdebug.so:  /opt/php-7.1/lib/php/extensions/debug-non-zts-20160303/xdebug.so: cannot open shared object file: No such file or directory

Fatal error: ob_start(): Cannot use output buffering in output buffering display handlers in /root/php-src/tests/output/ob_start_error_005.php on line 9