Failed loading /opt/php-7.1/lib/php/extensions/debug-non-zts-20160303/xdebug.so:  /opt/php-7.1/lib/php/extensions/debug-non-zts-20160303/xdebug.so: cannot open shared object file: No such file or directory
bool(false)
string(0) ""
string(8) "attranew"
string(8) "attrbnew"
string(5) "attrc"
<?xml version="1.0" encoding="ISO-8859-1"?>
<foo xmlns="http://www.example.com/ns/foo" xmlns:fubar="http://www.example.com/ns/fubar" xmlns:default="http://www.example.com/ns/foo" attra="attra" default:attra="attranew" fubar:attrb="attrbnew" default:attrc="attrc"/>